------------------------------------------------------------
TimeQuest Timing Analyzer Summary
------------------------------------------------------------

Type  : Slow 1200mV 85C Model Setup 'Echo_snl'
Slack : 0.000
TNS   : 0.000

Type  : Slow 1200mV 85C Model Setup 'inst|altpll_component|auto_generated|pll1|clk[1]'
Slack : 994.413
TNS   : 0.000

Type  : Slow 1200mV 85C Model Setup 'inst|altpll_component|auto_generated|pll1|clk[0]'
Slack : 399993.900
TNS   : 0.000

Type  : Slow 1200mV 85C Model Setup 'inst|altpll_component|auto_generated|pll1|clk[2]'
Slack : 399998.599
TNS   : 0.000

Type  : Slow 1200mV 85C Model Hold 'Echo_snl'
Slack : -0.356
TNS   : -4.334

Type  : Slow 1200mV 85C Model Hold 'inst|altpll_component|auto_generated|pll1|clk[2]'
Slack : 0.452
TNS   : 0.000

Type  : Slow 1200mV 85C Model Hold 'inst|altpll_component|auto_generated|pll1|clk[1]'
Slack : 0.466
TNS   : 0.000

Type  : Slow 1200mV 85C Model Hold 'inst|altpll_component|auto_generated|pll1|clk[0]'
Slack : 0.739
TNS   : 0.000

Type  : Slow 1200mV 85C Model Recovery 'inst|altpll_component|auto_generated|pll1|clk[1]'
Slack : -3.235
TNS   : -39.141

Type  : Slow 1200mV 85C Model Removal 'inst|altpll_component|auto_generated|pll1|clk[1]'
Slack : 2.255
TNS   : 0.000

Type  : Slow 1200mV 85C Model Minimum Pulse Width 'Echo_snl'
Slack : -3.000
TNS   : -23.818

Type  : Slow 1200mV 85C Model Minimum Pulse Width 'clk'
Slack : 19.934
TNS   : 0.000

Type  : Slow 1200mV 85C Model Minimum Pulse Width 'inst|altpll_component|auto_generated|pll1|clk[1]'
Slack : 499.721
TNS   : 0.000

Type  : Slow 1200mV 85C Model Minimum Pulse Width 'inst|altpll_component|auto_generated|pll1|clk[2]'
Slack : 199999.715
TNS   : 0.000

Type  : Slow 1200mV 85C Model Minimum Pulse Width 'inst|altpll_component|auto_generated|pll1|clk[0]'
Slack : 199999.718
TNS   : 0.000

Type  : Slow 1200mV 0C Model Setup 'Echo_snl'
Slack : -0.210
TNS   : -0.702

Type  : Slow 1200mV 0C Model Setup 'inst|altpll_component|auto_generated|pll1|clk[1]'
Slack : 994.750
TNS   : 0.000

Type  : Slow 1200mV 0C Model Setup 'inst|altpll_component|auto_generated|pll1|clk[0]'
Slack : 399994.408
TNS   : 0.000

Type  : Slow 1200mV 0C Model Setup 'inst|altpll_component|auto_generated|pll1|clk[2]'
Slack : 399998.737
TNS   : 0.000

Type  : Slow 1200mV 0C Model Hold 'Echo_snl'
Slack : -0.180
TNS   : -1.933

Type  : Slow 1200mV 0C Model Hold 'inst|altpll_component|auto_generated|pll1|clk[2]'
Slack : 0.401
TNS   : 0.000

Type  : Slow 1200mV 0C Model Hold 'inst|altpll_component|auto_generated|pll1|clk[1]'
Slack : 0.417
TNS   : 0.000

Type  : Slow 1200mV 0C Model Hold 'inst|altpll_component|auto_generated|pll1|clk[0]'
Slack : 0.687
TNS   : 0.000

Type  : Slow 1200mV 0C Model Recovery 'inst|altpll_component|auto_generated|pll1|clk[1]'
Slack : -2.749
TNS   : -33.039

Type  : Slow 1200mV 0C Model Removal 'inst|altpll_component|auto_generated|pll1|clk[1]'
Slack : 1.941
TNS   : 0.000

Type  : Slow 1200mV 0C Model Minimum Pulse Width 'Echo_snl'
Slack : -3.000
TNS   : -23.818

Type  : Slow 1200mV 0C Model Minimum Pulse Width 'clk'
Slack : 19.943
TNS   : 0.000

Type  : Slow 1200mV 0C Model Minimum Pulse Width 'inst|altpll_component|auto_generated|pll1|clk[1]'
Slack : 499.717
TNS   : 0.000

Type  : Slow 1200mV 0C Model Minimum Pulse Width 'inst|altpll_component|auto_generated|pll1|clk[2]'
Slack : 199999.716
TNS   : 0.000

Type  : Slow 1200mV 0C Model Minimum Pulse Width 'inst|altpll_component|auto_generated|pll1|clk[0]'
Slack : 199999.717
TNS   : 0.000

Type  : Fast 1200mV 0C Model Setup 'Echo_snl'
Slack : 0.723
TNS   : 0.000

Type  : Fast 1200mV 0C Model Setup 'inst|altpll_component|auto_generated|pll1|clk[1]'
Slack : 997.538
TNS   : 0.000

Type  : Fast 1200mV 0C Model Setup 'inst|altpll_component|auto_generated|pll1|clk[0]'
Slack : 399997.277
TNS   : 0.000

Type  : Fast 1200mV 0C Model Setup 'inst|altpll_component|auto_generated|pll1|clk[2]'
Slack : 399999.384
TNS   : 0.000

Type  : Fast 1200mV 0C Model Hold 'Echo_snl'
Slack : -0.559
TNS   : -7.454

Type  : Fast 1200mV 0C Model Hold 'inst|altpll_component|auto_generated|pll1|clk[2]'
Slack : 0.186
TNS   : 0.000

Type  : Fast 1200mV 0C Model Hold 'inst|altpll_component|auto_generated|pll1|clk[1]'
Slack : 0.193
TNS   : 0.000

Type  : Fast 1200mV 0C Model Hold 'inst|altpll_component|auto_generated|pll1|clk[0]'
Slack : 0.294
TNS   : 0.000

Type  : Fast 1200mV 0C Model Recovery 'inst|altpll_component|auto_generated|pll1|clk[1]'
Slack : -1.773
TNS   : -21.931

Type  : Fast 1200mV 0C Model Removal 'inst|altpll_component|auto_generated|pll1|clk[1]'
Slack : 1.098
TNS   : 0.000

Type  : Fast 1200mV 0C Model Minimum Pulse Width 'Echo_snl'
Slack : -3.000
TNS   : -18.525

Type  : Fast 1200mV 0C Model Minimum Pulse Width 'clk'
Slack : 19.594
TNS   : 0.000

Type  : Fast 1200mV 0C Model Minimum Pulse Width 'inst|altpll_component|auto_generated|pll1|clk[1]'
Slack : 499.797
TNS   : 0.000

Type  : Fast 1200mV 0C Model Minimum Pulse Width 'inst|altpll_component|auto_generated|pll1|clk[2]'
Slack : 199999.797
TNS   : 0.000

Type  : Fast 1200mV 0C Model Minimum Pulse Width 'inst|altpll_component|auto_generated|pll1|clk[0]'
Slack : 199999.798
TNS   : 0.000

------------------------------------------------------------
