------------------------------------------------------------
TimeQuest Timing Analyzer Summary
------------------------------------------------------------

Type  : Slow 1200mV 85C Model Setup 'Echo_snl'
Slack : 0.182
TNS   : 0.000

Type  : Slow 1200mV 85C Model Setup 'inst|altpll_component|auto_generated|pll1|clk[1]'
Slack : 995.626
TNS   : 0.000

Type  : Slow 1200mV 85C Model Setup 'inst|altpll_component|auto_generated|pll1|clk[2]'
Slack : 39998.597
TNS   : 0.000

Type  : Slow 1200mV 85C Model Setup 'inst|altpll_component|auto_generated|pll1|clk[0]'
Slack : 399993.821
TNS   : 0.000

Type  : Slow 1200mV 85C Model Hold 'Echo_snl'
Slack : -0.295
TNS   : -4.764

Type  : Slow 1200mV 85C Model Hold 'inst|altpll_component|auto_generated|pll1|clk[2]'
Slack : 0.453
TNS   : 0.000

Type  : Slow 1200mV 85C Model Hold 'inst|altpll_component|auto_generated|pll1|clk[1]'
Slack : 0.466
TNS   : 0.000

Type  : Slow 1200mV 85C Model Hold 'inst|altpll_component|auto_generated|pll1|clk[0]'
Slack : 0.739
TNS   : 0.000

Type  : Slow 1200mV 85C Model Recovery 'inst|altpll_component|auto_generated|pll1|clk[1]'
Slack : -2.763
TNS   : -55.222

Type  : Slow 1200mV 85C Model Removal 'inst|altpll_component|auto_generated|pll1|clk[1]'
Slack : 2.256
TNS   : 0.000

Type  : Slow 1200mV 85C Model Minimum Pulse Width 'Echo_snl'
Slack : -4.000
TNS   : -80.692

Type  : Slow 1200mV 85C Model Minimum Pulse Width 'clk'
Slack : 19.934
TNS   : 0.000

Type  : Slow 1200mV 85C Model Minimum Pulse Width 'inst|altpll_component|auto_generated|pll1|clk[1]'
Slack : 499.720
TNS   : 0.000

Type  : Slow 1200mV 85C Model Minimum Pulse Width 'inst|altpll_component|auto_generated|pll1|clk[2]'
Slack : 19999.719
TNS   : 0.000

Type  : Slow 1200mV 85C Model Minimum Pulse Width 'inst|altpll_component|auto_generated|pll1|clk[0]'
Slack : 199999.718
TNS   : 0.000

Type  : Slow 1200mV 0C Model Setup 'Echo_snl'
Slack : -0.023
TNS   : -0.023

Type  : Slow 1200mV 0C Model Setup 'inst|altpll_component|auto_generated|pll1|clk[1]'
Slack : 995.954
TNS   : 0.000

Type  : Slow 1200mV 0C Model Setup 'inst|altpll_component|auto_generated|pll1|clk[2]'
Slack : 39998.737
TNS   : 0.000

Type  : Slow 1200mV 0C Model Setup 'inst|altpll_component|auto_generated|pll1|clk[0]'
Slack : 399994.358
TNS   : 0.000

Type  : Slow 1200mV 0C Model Hold 'Echo_snl'
Slack : -0.119
TNS   : -1.352

Type  : Slow 1200mV 0C Model Hold 'inst|altpll_component|auto_generated|pll1|clk[2]'
Slack : 0.402
TNS   : 0.000

Type  : Slow 1200mV 0C Model Hold 'inst|altpll_component|auto_generated|pll1|clk[1]'
Slack : 0.417
TNS   : 0.000

Type  : Slow 1200mV 0C Model Hold 'inst|altpll_component|auto_generated|pll1|clk[0]'
Slack : 0.687
TNS   : 0.000

Type  : Slow 1200mV 0C Model Recovery 'inst|altpll_component|auto_generated|pll1|clk[1]'
Slack : -2.332
TNS   : -46.638

Type  : Slow 1200mV 0C Model Removal 'inst|altpll_component|auto_generated|pll1|clk[1]'
Slack : 1.942
TNS   : 0.000

Type  : Slow 1200mV 0C Model Minimum Pulse Width 'Echo_snl'
Slack : -4.000
TNS   : -80.692

Type  : Slow 1200mV 0C Model Minimum Pulse Width 'clk'
Slack : 19.943
TNS   : 0.000

Type  : Slow 1200mV 0C Model Minimum Pulse Width 'inst|altpll_component|auto_generated|pll1|clk[1]'
Slack : 499.719
TNS   : 0.000

Type  : Slow 1200mV 0C Model Minimum Pulse Width 'inst|altpll_component|auto_generated|pll1|clk[2]'
Slack : 19999.719
TNS   : 0.000

Type  : Slow 1200mV 0C Model Minimum Pulse Width 'inst|altpll_component|auto_generated|pll1|clk[0]'
Slack : 199999.718
TNS   : 0.000

Type  : Fast 1200mV 0C Model Setup 'Echo_snl'
Slack : 0.815
TNS   : 0.000

Type  : Fast 1200mV 0C Model Setup 'inst|altpll_component|auto_generated|pll1|clk[1]'
Slack : 998.140
TNS   : 0.000

Type  : Fast 1200mV 0C Model Setup 'inst|altpll_component|auto_generated|pll1|clk[2]'
Slack : 39999.383
TNS   : 0.000

Type  : Fast 1200mV 0C Model Setup 'inst|altpll_component|auto_generated|pll1|clk[0]'
Slack : 399997.235
TNS   : 0.000

Type  : Fast 1200mV 0C Model Hold 'Echo_snl'
Slack : -0.478
TNS   : -8.877

Type  : Fast 1200mV 0C Model Hold 'inst|altpll_component|auto_generated|pll1|clk[2]'
Slack : 0.187
TNS   : 0.000

Type  : Fast 1200mV 0C Model Hold 'inst|altpll_component|auto_generated|pll1|clk[1]'
Slack : 0.194
TNS   : 0.000

Type  : Fast 1200mV 0C Model Hold 'inst|altpll_component|auto_generated|pll1|clk[0]'
Slack : 0.294
TNS   : 0.000

Type  : Fast 1200mV 0C Model Recovery 'inst|altpll_component|auto_generated|pll1|clk[1]'
Slack : -1.551
TNS   : -31.016

Type  : Fast 1200mV 0C Model Removal 'inst|altpll_component|auto_generated|pll1|clk[1]'
Slack : 1.099
TNS   : 0.000

Type  : Fast 1200mV 0C Model Minimum Pulse Width 'Echo_snl'
Slack : -3.000
TNS   : -24.098

Type  : Fast 1200mV 0C Model Minimum Pulse Width 'clk'
Slack : 19.594
TNS   : 0.000

Type  : Fast 1200mV 0C Model Minimum Pulse Width 'inst|altpll_component|auto_generated|pll1|clk[1]'
Slack : 499.796
TNS   : 0.000

Type  : Fast 1200mV 0C Model Minimum Pulse Width 'inst|altpll_component|auto_generated|pll1|clk[2]'
Slack : 19999.797
TNS   : 0.000

Type  : Fast 1200mV 0C Model Minimum Pulse Width 'inst|altpll_component|auto_generated|pll1|clk[0]'
Slack : 199999.798
TNS   : 0.000

------------------------------------------------------------
